--progress is a global compose flag, better use `docker compose --progress xx build ...
time="2026-06-14T11:47:29+07:00" level=warning msg="/mnt/c/Users/ilham firnanda/laravel/logistiknew/docker-compose.yml: the attribute `version` is obsolete, it will be ignored, please remove it to avoid potential confusion"
 Image logistiknew-app Building 
 Image logistiknew-vite Building 
#1 [internal] load local bake definitions
#1 reading from stdin 1.04kB done
#1 DONE 0.0s

#2 [internal] load build definition from Dockerfile.node
#2 transferring dockerfile: 820B 0.0s done
#2 DONE 0.1s

#3 [internal] load metadata for docker.io/library/node:20-alpine
#3 DONE 0.0s

#4 [internal] load .dockerignore
#4 transferring context: 2B 0.0s done
#4 DONE 0.1s

#5 [1/9] FROM docker.io/library/node:20-alpine@sha256:fb4cd12c85ee03686f6af5362a0b0d56d50c58a04632e6c0fb8363f609372293
#5 resolve docker.io/library/node:20-alpine@sha256:fb4cd12c85ee03686f6af5362a0b0d56d50c58a04632e6c0fb8363f609372293 0.1s done
#5 DONE 0.1s

#6 [internal] load build context
#6 ...

#7 [2/9] WORKDIR /app
#7 CACHED

#6 [internal] load build context
